// Jest Snapshot v1, https://goo.gl/fbAQLP

exports[`matches snapshot 1`] = `
<DocumentFragment>
  <div>
    <span>
      title
    </span>
    This is the description and this is the img.
  </div>
</DocumentFragment>
`;
